// Jest Snapshot v1, https://goo.gl/fbAQLP

exports[`matches snapshot 1`] = `
<DocumentFragment>
  <div>
    <div>
      <div>
        <form>
          <div>
            <label
              for="height"
            >
              Height
            </label>
            <input
              id="height"
              name="height"
              type="text"
              value=""
            />
          </div>
          <div>
            <label
              for="width"
            >
              Width
            </label>
            <input
              id="width"
              name="width"
              type="text"
              value=""
            />
          </div>
          <div>
            <label
              for="backgroundColor"
            >
              backgroundColor
            </label>
            <input
              id="backgroundColor"
              name="backgroundColor"
              type="text"
              value=""
            />
          </div>
          <button
            id="newBoxbutton"
          >
            Add a new box!
          </button>
        </form>
      </div>
    </div>
  </div>
</DocumentFragment>
`;
